// Jest Snapshot v1, https://goo.gl/fbAQLP

exports[`Charts should be same with the same input 1`] = `
<svg
  height="400"
  width="600"
>
  <g
    color="#000"
    fill="none"
    font-family="sans-serif"
    font-size="10"
    text-anchor="middle"
    transform="translate(20,362)"
  >
    <path
      class="domain"
      d="M0.5,0.5H540.5"
      stroke="currentColor"
    />
    <g
      class="tick"
      opacity="1"
      transform="translate(0.5,0)"
    >
      <line
        stroke="currentColor"
        y2="6"
      />
      <text
        dy="0.71em"
        fill="currentColor"
        y="9"
      >
        Wed 10
      </text>
    </g>
    <g
      class="tick"
      opacity="1"
      transform="translate(68,0)"
    >
      <line
        stroke="currentColor"
        y2="6"
      />
      <text
        dy="0.71em"
        fill="currentColor"
        y="9"
      >
        12:15
      </text>
    </g>
    <g
      class="tick"
      opacity="1"
      transform="translate(135.5,0)"
    >
      <line
        stroke="currentColor"
        y2="6"
      />
      <text
        dy="0.71em"
        fill="currentColor"
        y="9"
      >
        12:30
      </text>
    </g>
    <g
      class="tick"
      opacity="1"
      transform="translate(203,0)"
    >
      <line
        stroke="currentColor"
        y2="6"
      />
      <text
        dy="0.71em"
        fill="currentColor"
        y="9"
      >
        12:45
      </text>
    </g>
    <g
      class="tick"
      opacity="1"
      transform="translate(270.5,0)"
    >
      <line
        stroke="currentColor"
        y2="6"
      />
      <text
        dy="0.71em"
        fill="currentColor"
        y="9"
      >
        01 AM
      </text>
    </g>
    <g
      class="tick"
      opacity="1"
      transform="translate(338,0)"
    >
      <line
        stroke="currentColor"
        y2="6"
      />
      <text
        dy="0.71em"
        fill="currentColor"
        y="9"
      >
        01:15
      </text>
    </g>
    <g
      class="tick"
      opacity="1"
      transform="translate(405.5,0)"
    >
      <line
        stroke="currentColor"
        y2="6"
      />
      <text
        dy="0.71em"
        fill="currentColor"
        y="9"
      >
        01:30
      </text>
    </g>
    <g
      class="tick"
      opacity="1"
      transform="translate(473,0)"
    >
      <line
        stroke="currentColor"
        y2="6"
      />
      <text
        dy="0.71em"
        fill="currentColor"
        y="9"
      >
        01:45
      </text>
    </g>
    <g
      class="tick"
      opacity="1"
      transform="translate(540.5,0)"
    >
      <line
        stroke="currentColor"
        y2="6"
      />
      <text
        dy="0.71em"
        fill="currentColor"
        y="9"
      >
        02 AM
      </text>
    </g>
  </g>
  <g
    color="#000"
    fill="none"
    font-family="sans-serif"
    font-size="10"
    text-anchor="start"
    transform="translate(560, 20)"
  >
    <path
      class="domain"
      d="M0.5,342.5V0.5"
      stroke="currentColor"
    />
    <g
      class="tick"
      opacity="1"
      transform="translate(0,325.4000000000004)"
    >
      <line
        stroke="currentColor"
        x2="2"
      />
      <text
        dy="0.32em"
        fill="currentColor"
        x="5"
      >
        18.4
      </text>
    </g>
    <g
      class="tick"
      opacity="1"
      transform="translate(0,291.1999999999999)"
    >
      <line
        stroke="currentColor"
        x2="2"
      />
      <text
        dy="0.32em"
        fill="currentColor"
        x="5"
      >
        18.6
      </text>
    </g>
    <g
      class="tick"
      opacity="1"
      transform="translate(0,257)"
    >
      <line
        stroke="currentColor"
        x2="2"
      />
      <text
        dy="0.32em"
        fill="currentColor"
        x="5"
      >
        18.8
      </text>
    </g>
    <g
      class="tick"
      opacity="1"
      transform="translate(0,222.80000000000013)"
    >
      <line
        stroke="currentColor"
        x2="2"
      />
      <text
        dy="0.32em"
        fill="currentColor"
        x="5"
      >
        19.0
      </text>
    </g>
    <g
      class="tick"
      opacity="1"
      transform="translate(0,188.60000000000025)"
    >
      <line
        stroke="currentColor"
        x2="2"
      />
      <text
        dy="0.32em"
        fill="currentColor"
        x="5"
      >
        19.2
      </text>
    </g>
    <g
      class="tick"
      opacity="1"
      transform="translate(0,154.40000000000038)"
    >
      <line
        stroke="currentColor"
        x2="2"
      />
      <text
        dy="0.32em"
        fill="currentColor"
        x="5"
      >
        19.4
      </text>
    </g>
    <g
      class="tick"
      opacity="1"
      transform="translate(0,120.19999999999987)"
    >
      <line
        stroke="currentColor"
        x2="2"
      />
      <text
        dy="0.32em"
        fill="currentColor"
        x="5"
      >
        19.6
      </text>
    </g>
    <g
      class="tick"
      opacity="1"
      transform="translate(0,86)"
    >
      <line
        stroke="currentColor"
        x2="2"
      />
      <text
        dy="0.32em"
        fill="currentColor"
        x="5"
      >
        19.8
      </text>
    </g>
    <g
      class="tick"
      opacity="1"
      transform="translate(0,51.800000000000125)"
    >
      <line
        stroke="currentColor"
        x2="2"
      />
      <text
        dy="0.32em"
        fill="currentColor"
        x="5"
      >
        20.0
      </text>
    </g>
    <g
      class="tick"
      opacity="1"
      transform="translate(0,17.600000000000243)"
    >
      <line
        stroke="currentColor"
        x2="2"
      />
      <text
        dy="0.32em"
        fill="currentColor"
        x="5"
      >
        20.2
      </text>
    </g>
  </g>
  <text
    dy="0.71em"
    fill="#3C4E76"
    text-anchor="end"
    transform="translate(548, 10)"
    y="6"
  >
    Temperature (Â°C)
  </text>
  <path
    d="M0,342L270,171L540,0L540,342L270,342L0,342Z"
    fill="#3C4E76"
    stroke="#999"
    transform="translate(20,20)"
  />
</svg>
`;
